.next/dev/types/validator.ts(42,39): error TS2306: File 'C:/Users/zahir/OneDrive/Desktop/erp-project/frontend/app/(auth)/forgot-password/page.tsx' is not a module.
.next/dev/types/validator.ts(60,39): error TS2306: File 'C:/Users/zahir/OneDrive/Desktop/erp-project/frontend/app/(auth)/register/page.tsx' is not a module.
.next/dev/types/validator.ts(69,39): error TS2306: File 'C:/Users/zahir/OneDrive/Desktop/erp-project/frontend/app/(auth)/reset-password/page.tsx' is not a module.
.next/dev/types/validator.ts(147,39): error TS2306: File 'C:/Users/zahir/OneDrive/Desktop/erp-project/frontend/app/(auth)/layout.tsx' is not a module.
modules/collection/components/payment-modal.tsx(5,80): error TS2307: Cannot find module '@/components/ui/dialog' or its corresponding type declarations.
modules/collection/components/payment-modal.tsx(8,23): error TS2307: Cannot find module '@/components/ui/label' or its corresponding type declarations.
modules/collection/components/payment-modal.tsx(9,79): error TS2307: Cannot find module '@/components/ui/select' or its corresponding type declarations.
modules/collection/components/payment-modal.tsx(43,49): error TS7006: Parameter 'open' implicitly has an 'any' type.
modules/collection/components/payment-modal.tsx(70,45): error TS7006: Parameter 'value' implicitly has an 'any' type.
modules/invoices/components/invoice-form.tsx(30,9): error TS2322: Type 'Resolver<{ customer_id: string; issue_date: string; items: { description: string; quantity: unknown; unit_price: unknown; product_id?: string | undefined; }[]; quotation_id?: string | undefined; due_date?: string | undefined; status?: "draft" | ... 4 more ... | undefined; notes?: string | undefined; }, any, { ...; }>' is not assignable to type 'Resolver<{ customer_id: string; issue_date: string; status: "draft" | "sent" | "paid" | "overdue" | "cancelled"; items: { description: string; quantity: number; unit_price: number; product_id?: string | undefined; }[]; quotation_id?: string | undefined; due_date?: string | undefined; notes?: string | undefined; }, a...'.
  Types of parameters 'options' and 'options' are incompatible.
    Type 'ResolverOptions<{ customer_id: string; issue_date: string; status: "draft" | "sent" | "paid" | "overdue" | "cancelled"; items: { description: string; quantity: number; unit_price: number; product_id?: string | undefined; }[]; quotation_id?: string | undefined; due_date?: string | undefined; notes?: string | undefine...' is not assignable to type 'ResolverOptions<{ customer_id: string; issue_date: string; items: { description: string; quantity: unknown; unit_price: unknown; product_id?: string | undefined; }[]; quotation_id?: string | undefined; due_date?: string | undefined; status?: "draft" | ... 4 more ... | undefined; notes?: string | undefined; }>'.
      Type '"draft" | "sent" | "paid" | "overdue" | "cancelled" | undefined' is not assignable to type '"draft" | "sent" | "paid" | "overdue" | "cancelled"'.
        Type 'undefined' is not assignable to type '"draft" | "sent" | "paid" | "overdue" | "cancelled"'.
modules/invoices/components/invoice-form.tsx(121,47): error TS2345: Argument of type '(data: CreateInvoiceFormValues) => Promise<void>' is not assignable to parameter of type 'SubmitHandler<TFieldValues>'.
  Types of parameters 'data' and 'data' are incompatible.
    Type 'TFieldValues' is not assignable to type '{ customer_id: string; issue_date: string; status: "draft" | "sent" | "paid" | "overdue" | "cancelled"; items: { description: string; quantity: number; unit_price: number; product_id?: string | undefined; }[]; quotation_id?: string | undefined; due_date?: string | undefined; notes?: string | undefined; }'.
      Type 'FieldValues' is missing the following properties from type '{ customer_id: string; issue_date: string; status: "draft" | "sent" | "paid" | "overdue" | "cancelled"; items: { description: string; quantity: number; unit_price: number; product_id?: string | undefined; }[]; quotation_id?: string | undefined; due_date?: string | undefined; notes?: string | undefined; }': customer_id, issue_date, status, items
modules/quotations/components/quotation-form.tsx(21,9): error TS2322: Type 'Resolver<{ customer_id: string; items: { product_id: string; quantity: unknown; unit_price: unknown; }[]; valid_until?: string | undefined; }, any, { customer_id: string; items: { product_id: string; quantity: number; unit_price: number; }[]; valid_until?: string | undefined; }>' is not assignable to type 'Resolver<{ customer_id: string; items: { product_id: string; quantity: number; unit_price: number; }[]; valid_until?: string | undefined; }, any, { customer_id: string; items: { product_id: string; quantity: number; unit_price: number; }[]; valid_until?: string | undefined; }>'.
  Types of parameters 'options' and 'options' are incompatible.
    Type 'ResolverOptions<{ customer_id: string; items: { product_id: string; quantity: number; unit_price: number; }[]; valid_until?: string | undefined; }>' is not assignable to type 'ResolverOptions<{ customer_id: string; items: { product_id: string; quantity: unknown; unit_price: unknown; }[]; valid_until?: string | undefined; }>'.
      Type '{ product_id: string; quantity: unknown; unit_price: unknown; }[]' is not assignable to type '{ product_id: string; quantity: number; unit_price: number; }[]'.
        Type '{ product_id: string; quantity: unknown; unit_price: unknown; }' is not assignable to type '{ product_id: string; quantity: number; unit_price: number; }'.
          Types of property 'quantity' are incompatible.
            Type 'unknown' is not assignable to type 'number'.
modules/quotations/components/quotation-form.tsx(69,47): error TS2345: Argument of type '(data: CreateQuotationFormValues) => void' is not assignable to parameter of type 'SubmitHandler<TFieldValues>'.
  Types of parameters 'data' and 'data' are incompatible.
    Type 'TFieldValues' is not assignable to type '{ customer_id: string; items: { product_id: string; quantity: number; unit_price: number; }[]; valid_until?: string | undefined; }'.
      Type 'FieldValues' is missing the following properties from type '{ customer_id: string; items: { product_id: string; quantity: number; unit_price: number; }[]; valid_until?: string | undefined; }': customer_id, items
