modules/quotations/components/quotation-form.tsx(21,9): error TS2322: Type 'Resolver<{ customer_id: string; items: { product_id: string; quantity: unknown; unit_price: unknown; }[]; valid_until?: string | undefined; }, any, { customer_id: string; items: { product_id: string; quantity: number; unit_price: number; }[]; valid_until?: string | undefined; }>' is not assignable to type 'Resolver<{ customer_id: string; items: { product_id: string; quantity: number; unit_price: number; }[]; valid_until?: string | undefined; }, any, { customer_id: string; items: { product_id: string; quantity: number; unit_price: number; }[]; valid_until?: string | undefined; }>'.
  Types of parameters 'options' and 'options' are incompatible.
    Type 'ResolverOptions<{ customer_id: string; items: { product_id: string; quantity: number; unit_price: number; }[]; valid_until?: string | undefined; }>' is not assignable to type 'ResolverOptions<{ customer_id: string; items: { product_id: string; quantity: unknown; unit_price: unknown; }[]; valid_until?: string | undefined; }>'.
      Type '{ product_id: string; quantity: unknown; unit_price: unknown; }[]' is not assignable to type '{ product_id: string; quantity: number; unit_price: number; }[]'.
        Type '{ product_id: string; quantity: unknown; unit_price: unknown; }' is not assignable to type '{ product_id: string; quantity: number; unit_price: number; }'.
          Types of property 'quantity' are incompatible.
            Type 'unknown' is not assignable to type 'number'.
modules/quotations/components/quotation-form.tsx(69,47): error TS2345: Argument of type '(data: CreateQuotationFormValues) => void' is not assignable to parameter of type 'SubmitHandler<TFieldValues>'.
  Types of parameters 'data' and 'data' are incompatible.
    Type 'TFieldValues' is not assignable to type '{ customer_id: string; items: { product_id: string; quantity: number; unit_price: number; }[]; valid_until?: string | undefined; }'.
      Type 'FieldValues' is missing the following properties from type '{ customer_id: string; items: { product_id: string; quantity: number; unit_price: number; }[]; valid_until?: string | undefined; }': customer_id, items
